[w5.foxdsgn.com/niko/black/index.html]
[backblue.gif]
[fade.gif]
[index.html]
[w5.foxdsgn.com/niko/black/wp-includes/css/dist/block-library/style.min40df.css]
[w5.foxdsgn.com/niko/black/wp-content/plugins/contact-form-7/includes/css/stylesbb49.css]
[w5.foxdsgn.com/niko/black/wp-content/themes/niko/assets/css/libs/fontawesome.min40df.css]
[w5.foxdsgn.com/niko/black/wp-content/themes/niko/assets/css/libs/simple-line-icons40df.css]
[w5.foxdsgn.com/niko/black/wp-content/themes/niko/assets/css/libs/bootstrap.min40df.css]
[w5.foxdsgn.com/niko/black/wp-content/themes/niko/assets/css/libs/jquery.mCustomScrollbar40df.css]
[w5.foxdsgn.com/niko/black/feed/index.html]
[w5.foxdsgn.com/niko/black/wp-content/themes/niko/assets/css/main.min40df.css]
[w5.foxdsgn.com/niko/black/wp-content/themes/niko/assets/css/libs/fonts40df.css]
[w5.foxdsgn.com/niko/black/wp-includes/js/jquery/jquery.min9d52.js]
[w5.foxdsgn.com/niko/black/wp-includes/js/jquery/jquery-migrate.mind617.js]
[w5.foxdsgn.com/niko/black/comments/feed/index.html]
[w5.foxdsgn.com/niko/black/xmlrpc0db0.php]
[w5.foxdsgn.com/niko/black/wp-includes/wlwmanifest.xml]
[w5.foxdsgn.com/niko/black/wp-content/uploads/sites/4/2019/07/nìko-6.png]
[w5.foxdsgn.com/niko/black/wp-content/themes/niko/assets/audio/click.mp3]
[w5.foxdsgn.com/niko/black/wp-content/uploads/sites/4/2019/07/cv_template_sheet_en.pdf]
[w5.foxdsgn.com/niko/black/wp-content/uploads/sites/4/2019/03/niko_img.jpg]
[w5.foxdsgn.com/niko/black/wp-content/uploads/sites/4/2019/03/Group-26.png]
[w5.foxdsgn.com/niko/black/wp-content/uploads/sites/4/2019/03/logo-1-.png]
[w5.foxdsgn.com/niko/black/wp-content/uploads/sites/4/2019/03/logo-2.png]
[w5.foxdsgn.com/niko/black/wp-content/uploads/sites/4/2019/03/logo-4.png]
[w5.foxdsgn.com/niko/black/wp-content/uploads/sites/4/2019/03/logo-6.png]
[w5.foxdsgn.com/niko/black/wp-content/uploads/sites/4/2019/03/logo-7.png]
[w5.foxdsgn.com/niko/black/wp-content/uploads/sites/4/2019/03/logo-8.png]
[w5.foxdsgn.com/niko/black/wp-content/uploads/sites/4/2019/03/logo-9.png]
[w5.foxdsgn.com/niko/black/wp-content/uploads/sites/4/2019/03/logo-11.png]
[w5.foxdsgn.com/niko/black/wp-content/uploads/sites/4/2019/03/logo-12.png]
[w5.foxdsgn.com/niko/black/2019/06/index.html]
[w5.foxdsgn.com/niko/black/wp-content/uploads/sites/4/2019/03/logo-13.png]
[w5.foxdsgn.com/niko/black/wp-content/uploads/sites/4/2019/03/logo3.png]
[w5.foxdsgn.com/niko/black/2019/04/index.html]
[w5.foxdsgn.com/niko/black/wp-admin/admin-ajax19cf.css]
[w5.foxdsgn.com/niko/black/2019/03/index.html]
[w5.foxdsgn.com/niko/black/wp-content/plugins/contact-form-7/includes/js/scriptsbb49.js]
[w5.foxdsgn.com/niko/black/category/design/index.html]
[w5.foxdsgn.com/niko/black/2019/01/index.html]
[w5.foxdsgn.com/niko/black/2019/02/index.html]
[w5.foxdsgn.com/niko/black/wp-content/themes/niko/assets/js/libs/countTo40df.js]
[w5.foxdsgn.com/niko/black/wp-content/themes/niko/assets/js/libs/TweenMax.min40df.js]
[w5.foxdsgn.com/niko/black/wp-content/themes/niko/assets/js/cursor40df.js]
[w5.foxdsgn.com/niko/black/category/guide/index.html]
[w5.foxdsgn.com/niko/black/wp-content/themes/niko/assets/js/libs/p5.min40df.js]
[w5.foxdsgn.com/niko/black/wp-content/themes/niko/assets/js/libs/sketch40df.js]
[w5.foxdsgn.com/niko/black/wp-content/themes/niko/assets/js/libs/jquery.mCustomScrollbar.concat.min40df.js]
[w5.foxdsgn.com/niko/black/contact-me/index.html]
[w5.foxdsgn.com/niko/black/wp-content/themes/niko/assets/js/libs/isotope.pkgd.min40df.js]
[w5.foxdsgn.com/niko/black/blog/index.html]
[w5.foxdsgn.com/niko/black/wp-content/themes/niko/assets/js/helpers40df.js]
[w5.foxdsgn.com/niko/black/wp-includes/js/imagesloaded.mineda1.js]
[w5.foxdsgn.com/niko/black/wp-content/themes/niko/assets/js/script40df.js]
[w5.foxdsgn.com/niko/black/wp-includes/js/wp-embed.min40df.js]
[w5.foxdsgn.com/niko/black/index.html]
[w5.foxdsgn.com/niko/black/wp-includes/css/dist/block-library/style.min40df.css]
[w5.foxdsgn.com/niko/black/my-works/index.html]
[w5.foxdsgn.com/niko/black/sample-page/index.html]
[w5.foxdsgn.com/niko/black/my-skills/index.html]
[w5.foxdsgn.com/niko/black/sample-page-2/index.html]
[w5.foxdsgn.com/niko/black/wp-content/plugins/contact-form-7/images/ajax-loader.gif]
[w5.foxdsgn.com/niko/black/wp-content/plugins/contact-form-7/includes/css/stylesbb49.css]
[w5.foxdsgn.com/niko/black/wp-content/themes/niko/style40df.css]
[w5.foxdsgn.com/niko/black/wp-content/themes/niko/assets/css/webfonts/fontawesome-webfont3e6e.eot]
[w5.foxdsgn.com/niko/black/wp-content/themes/niko/assets/css/webfonts/fontawesome-webfontd41d.eot]
[w5.foxdsgn.com/niko/black/wp-content/themes/niko/assets/css/webfonts/fontawesome-webfont3e6e.woff]
[w5.foxdsgn.com/niko/black/wp-content/themes/niko/assets/css/webfonts/fontawesome-webfont3e6e.ttf]
[w5.foxdsgn.com/niko/black/wp-content/themes/niko/assets/css/libs/fontawesome.min40df.css]
[w5.foxdsgn.com/niko/black/wp-content/themes/niko/assets/css/webfonts/fontawesome-webfont3e6e.svg]
[w5.foxdsgn.com/niko/black/wp-content/themes/niko/assets/css/webfonts/Simple-Line-Iconsb26c.eot]
[w5.foxdsgn.com/niko/black/wp-content/themes/niko/assets/css/webfonts/Simple-Line-Iconsb26c.ttf]
[w5.foxdsgn.com/niko/black/wp-content/themes/niko/assets/css/webfonts/Simple-Line-Iconsb26c.woff]
[w5.foxdsgn.com/niko/black/wp-content/themes/niko/assets/css/libs/simple-line-icons40df.css]
[w5.foxdsgn.com/niko/black/wp-content/themes/niko/assets/css/libs/bootstrap.min40df.css]
[w5.foxdsgn.com/niko/black/wp-content/themes/niko/assets/css/webfonts/Simple-Line-Iconsb26c.svg]
[w5.foxdsgn.com/niko/black/wp-content/themes/niko/assets/css/libs/mCSB_buttons.png]
[w5.foxdsgn.com/niko/black/wp-content/themes/niko/assets/css/libs/jquery.mCustomScrollbar40df.css]
[w5.foxdsgn.com/niko/black/wp-content/themes/niko/assets/css/main.min40df.css]
[w5.foxdsgn.com/niko/black/wp-content/themes/niko/assets/css/libs/fonts40df.css]
[w5.foxdsgn.com/niko/black/wp-admin/admin-ajax5eb9.css]
[w5.foxdsgn.com/niko/black/2019/06/index.html]
[w5.foxdsgn.com/niko/black/wp-content/uploads/sites/4/2019/03/black-men.jpg]
[w5.foxdsgn.com/niko/black/2019/06/26/hello-world/index.html]
[w5.foxdsgn.com/niko/black/2019/04/02/some-media-information-about-me/index.html]
[w5.foxdsgn.com/niko/black/wp-admin/admin-ajax9fcf.css]
[w5.foxdsgn.com/niko/black/2019/04/index.html]
[w5.foxdsgn.com/niko/black/wp-content/uploads/sites/4/2019/03/Bitmap.jpg]
[w5.foxdsgn.com/niko/black/wp-content/uploads/sites/4/2019/03/rectangle-copy-2@2x.jpg]
[w5.foxdsgn.com/niko/black/2019/03/26/help-finding-information-online/index.html]
[w5.foxdsgn.com/niko/black/wp-admin/admin-ajaxbb3d.css]
[w5.foxdsgn.com/niko/black/2019/03/index.html]
[w5.foxdsgn.com/niko/black/wp-content/uploads/sites/4/2019/03/rectangle-copy@2x.jpg]
[w5.foxdsgn.com/niko/black/2019/03/26/download-anything-now-a-days/index.html]
[w5.foxdsgn.com/niko/black/wp-admin/admin-ajaxd32f.css]
[w5.foxdsgn.com/niko/black/2019/02/index.html]
[w5.foxdsgn.com/niko/black/wp-content/uploads/sites/4/2019/03/Bitmap-2.jpg]
[w5.foxdsgn.com/niko/black/2019/01/26/party-jokes-startling-but-unnecessary/index.html]
[w5.foxdsgn.com/niko/black/wp-admin/admin-ajaxa4dd.css]
[w5.foxdsgn.com/niko/black/2019/01/index.html]
[w5.foxdsgn.com/niko/black/category/design/index.html]
[w5.foxdsgn.com/niko/black/category/guide/index.html]
[w5.foxdsgn.com/niko/black/category/design/feed/index.html]
[w5.foxdsgn.com/niko/black/category/guide/feed/index.html]
[w5.foxdsgn.com/niko/black/wp-admin/admin-ajax3c30.css]
[w5.foxdsgn.com/niko/black/contact-me/index.html]
[w5.foxdsgn.com/cdn-cgi/scripts/5c5dd728/cloudflare-static/email-decode.min.js]
[w5.foxdsgn.com/niko/black/wp-admin/admin-ajax9b65.css]
[w5.foxdsgn.com/niko/black/blog/index.html]
[w5.foxdsgn.com/niko/black/wp-content/uploads/sites/4/2019/03/portfolio-4.jpg]
[w5.foxdsgn.com/niko/black/wp-content/uploads/sites/4/2019/03/portfolio-5.jpg]
[w5.foxdsgn.com/niko/black/wp-content/uploads/sites/4/2019/03/portfolio-6.jpg]
[w5.foxdsgn.com/niko/black/wp-content/uploads/sites/4/2019/03/portfolio-1.jpg]
[w5.foxdsgn.com/niko/black/wp-content/uploads/sites/4/2019/03/portfolio-2.jpg]
[w5.foxdsgn.com/niko/black/portfolio/green-wall/index.html]
[w5.foxdsgn.com/niko/black/wp-content/uploads/sites/4/2019/03/portfolio-3.jpg]
[w5.foxdsgn.com/niko/black/wp-content/uploads/sites/4/2019/03/portfolio-7.jpg]
[w5.foxdsgn.com/niko/black/portfolio/grey-orchidey/index.html]
[w5.foxdsgn.com/niko/black/portfolio/broken-head/index.html]
[w5.foxdsgn.com/niko/black/portfolio/green-end/index.html]
[w5.foxdsgn.com/niko/black/wp-admin/admin-ajaxddea.css]
[w5.foxdsgn.com/niko/black/my-works/index.html]
[w5.foxdsgn.com/niko/black/portfolio/oxyde/index.html]
[w5.foxdsgn.com/niko/black/portfolio/green-yupi/index.html]
[w5.foxdsgn.com/niko/black/portfolio/emerald/index.html]
[w5.foxdsgn.com/niko/black/wp-admin/admin-ajaxdc3e.css]
[w5.foxdsgn.com/niko/black/my-skills/index.html]
[w5.foxdsgn.com/niko/black/sample-page/feed/index.html]
[w5.foxdsgn.com/niko/black/wp-admin/admin-ajaxa455.css]
[w5.foxdsgn.com/niko/black/sample-page/index.html]
[w5.foxdsgn.com/niko/black/wp-admin/admin-ajax4f6a.css]
[w5.foxdsgn.com/niko/black/sample-page-2/index.html]
[w5.foxdsgn.com/niko/black/wp-admin/admin-ajax19cf.css]
[w5.foxdsgn.com/niko/black/wp-content/themes/niko/assets/js/google-map40df.js]
[w5.foxdsgn.com/niko/black/wp-content/themes/niko/assets/css/webfonts/fontawesome-webfont3e6e.html]
[w5.foxdsgn.com/niko/black/wp-content/themes/niko/assets/css/webfonts/fontawesome-webfont3e6e.svg]
[w5.foxdsgn.com/niko/black/wp-content/themes/niko/assets/css/webfonts/Simple-Line-Iconsb26c.html]
[w5.foxdsgn.com/niko/black/wp-content/themes/niko/assets/css/webfonts/Simple-Line-Iconsb26c.svg]
[w5.foxdsgn.com/niko/black/wp-content/themes/niko/assets/css/libs/mCSB_buttons.html]
[w5.foxdsgn.com/niko/black/sample-page-2/feed/index.html]
[w5.foxdsgn.com/niko/black/wp-includes/js/comment-reply.min40df.js]
[w5.foxdsgn.com/niko/black/2019/06/26/hello-world/index.html]
[w5.foxdsgn.com/niko/black/2019/06/26/hello-world/feed/index.html]
[w5.foxdsgn.com/niko/black/wp-admin/admin-ajax5eb9.css]
[w5.foxdsgn.com/niko/black/2019/06/26/hello-world/index6809.html]
[w5.foxdsgn.com/niko/wp-content/uploads/2019/03/Bitmap.jpg]
[w5.foxdsgn.com/niko/black/2019/04/02/some-media-information-about-me/feed/index.html]
[w5.foxdsgn.com/niko/wp-content/uploads/2019/03/black-men.jpg]
[w5.foxdsgn.com/niko/wp-content/uploads/2019/03/rectangle-copy@2x.jpg]
[w5.foxdsgn.com/niko/wp-content/uploads/2019/03/rectangle-copy-2@2x.jpg]
[w5.foxdsgn.com/niko/wp-content/uploads/2019/03/portfolio-7.jpg]
[w5.foxdsgn.com/niko/black/2019/04/02/some-media-information-about-me/index.html]
[w5.foxdsgn.com/niko/black/wp-admin/admin-ajax9fcf.css]
[w5.foxdsgn.com/niko/black/tag/design/index.html]
[w5.foxdsgn.com/niko/black/wp-admin/admin-ajaxa5c0.css]
[w5.foxdsgn.com/niko/black/2019/03/26/help-finding-information-online/index.html]
[w5.foxdsgn.com/niko/black/tag/cv/index.html]
[w5.foxdsgn.com/niko/black/tag/pixel/index.html]
[w5.foxdsgn.com/niko/black/tag/tab/index.html]
[w5.foxdsgn.com/niko/black/2019/03/26/download-anything-now-a-days/index.html]
[w5.foxdsgn.com/niko/black/2019/04/02/some-media-information-about-me/index0e22.html]
[w5.foxdsgn.com/niko/black/2019/04/02/some-media-information-about-me/index3094.html]
[w5.foxdsgn.com/niko/black/wp-admin/admin-ajaxbb3d.css]
[w5.foxdsgn.com/niko/black/2019/03/26/help-finding-information-online/feed/index.html]
[w5.foxdsgn.com/niko/black/2019/04/02/some-media-information-about-me/index21b4.html]
[w5.foxdsgn.com/niko/black/2019/03/26/download-anything-now-a-days/feed/index.html]
[w5.foxdsgn.com/niko/black/2019/02/26/a-guide-to-mri-scans/index.html]
[w5.foxdsgn.com/niko/black/wp-admin/admin-ajaxd32f.css]
[w5.foxdsgn.com/niko/black/2019/01/26/party-jokes-startling-but-unnecessary/index.html]
[w5.foxdsgn.com/niko/black/wp-admin/admin-ajaxa4dd.css]
[w5.foxdsgn.com/niko/black/indexe539.html]
[w5.foxdsgn.com/niko/black/wp-admin/admin-ajax3c30.css]
[w5.foxdsgn.com/niko/black/wp-admin/admin-ajax9b65.css]
[w5.foxdsgn.com/niko/black/indexe4c6.html]
[w5.foxdsgn.com/niko/black/portfolio/green-wall/index.html]
[w5.foxdsgn.com/niko/black/wp-admin/admin-ajaxf89f.css]
[w5.foxdsgn.com/niko/black/portfolio/grey-orchidey/index.html]
[w5.foxdsgn.com/niko/black/portfolio/grey-orchidey/feed/index.html]
[w5.foxdsgn.com/niko/black/wp-admin/admin-ajax8881.css]
[w5.foxdsgn.com/niko/black/portfolio/broken-head/index.html]
[w5.foxdsgn.com/niko/black/portfolio/broken-head/feed/index.html]
[w5.foxdsgn.com/niko/black/portfolio/green-end/feed/index.html]
[w5.foxdsgn.com/niko/black/wp-admin/admin-ajax9eb5.css]
[w5.foxdsgn.com/niko/black/portfolio/green-end/index.html]
[w5.foxdsgn.com/niko/black/wp-admin/admin-ajax2f0d.css]
[w5.foxdsgn.com/niko/black/portfolio/green-yupi/index.html]
[w5.foxdsgn.com/niko/black/portfolio/green-yupi/feed/index.html]
[w5.foxdsgn.com/niko/black/wp-admin/admin-ajaxb964.css]
[w5.foxdsgn.com/niko/black/portfolio/oxyde/index.html]
[w5.foxdsgn.com/niko/black/portfolio/oxyde/feed/index.html]
[w5.foxdsgn.com/niko/black/wp-admin/admin-ajaxcb03.css]
[w5.foxdsgn.com/niko/black/portfolio/emerald/index.html]
[w5.foxdsgn.com/niko/black/wp-admin/admin-ajaxddea.css]
[w5.foxdsgn.com/niko/black/index2915.html]
[w5.foxdsgn.com/niko/black/wp-admin/admin-ajaxdc3e.css]
[w5.foxdsgn.com/niko/black/index905b.html]
[w5.foxdsgn.com/niko/black/xmlrpc.php]
[w5.foxdsgn.com/niko/black/portfolio/emerald/feed/index.html]
[w5.foxdsgn.com/niko/black/wp-admin/index.html]
[w5.foxdsgn.com/niko/black/wp-admin/admin-ajaxa455.css]
[w5.foxdsgn.com/niko/black/index2e64.html]
[w5.foxdsgn.com/niko/black/wp-admin/admin-ajax4f6a.css]
[w5.foxdsgn.com/niko/black/indexcff1.html]
[w5.foxdsgn.com/niko/black/2019/06/26/hello-world/index6809.html]
[w5.foxdsgn.com/niko/black/index8cf0.html]
[w5.foxdsgn.com/niko/black/tag/cv/index.html]
[w5.foxdsgn.com/niko/black/tag/design/index.html]
[w5.foxdsgn.com/niko/black/wp-login9e3a.html]
[w5.foxdsgn.com/niko/black/tag/pixel/index.html]
[w5.foxdsgn.com/niko/black/tag/design/feed/index.html]
[w5.foxdsgn.com/niko/black/tag/cv/feed/index.html]
[w5.foxdsgn.com/niko/black/tag/pixel/feed/index.html]
[w5.foxdsgn.com/niko/black/tag/tab/index.html]
[w5.foxdsgn.com/niko/black/2019/04/02/some-media-information-about-me/index0e22.html]
[w5.foxdsgn.com/niko/black/2019/04/02/some-media-information-about-me/index21b4.html]
[w5.foxdsgn.com/niko/black/2019/04/02/some-media-information-about-me/index3094.html]
[w5.foxdsgn.com/niko/black/indexe8f5.html]
[w5.foxdsgn.com/niko/black/wp-admin/admin-ajaxa5c0.css]
[w5.foxdsgn.com/niko/black/index2586.html]
[w5.foxdsgn.com/niko/black/2019/01/26/party-jokes-startling-but-unnecessary/feed/index.html]
[w5.foxdsgn.com/niko/black/index0325.html]
[w5.foxdsgn.com/niko/black/portfolio/green-wall/feed/index.html]
[w5.foxdsgn.com/niko/black/indexf3dd.html]
[w5.foxdsgn.com/niko/black/wp-admin/admin-ajax17c7.html]
[w5.foxdsgn.com/niko/black/indexb4c1.html]
[w5.foxdsgn.com/niko/black/wp-admin/admin-ajaxf89f.css]
[w5.foxdsgn.com/niko/black/index8c34.html]
[w5.foxdsgn.com/niko/black/wp-admin/admin-ajax8881.css]
[w5.foxdsgn.com/niko/black/indexc902.html]
[w5.foxdsgn.com/niko/black/wp-admin/admin-ajax9eb5.css]
[w5.foxdsgn.com/niko/black/index9fa1.html]
[w5.foxdsgn.com/niko/black/wp-admin/admin-ajax2f0d.css]
[w5.foxdsgn.com/niko/black/index6eea.html]
[w5.foxdsgn.com/niko/black/wp-admin/admin-ajaxb964.css]
[w5.foxdsgn.com/niko/black/index80c9.html]
[w5.foxdsgn.com/niko/black/wp-admin/admin-ajaxcb03.css]
[w5.foxdsgn.com/niko/black/tag/tab/feed/index.html]
[w5.foxdsgn.com/niko/black/wp-includes/css/dashicons.min40df.css]
[w5.foxdsgn.com/niko/black/wp-includes/css/buttons.min40df.css]
[w5.foxdsgn.com/niko/black/wp-admin/css/forms.min40df.css]
[w5.foxdsgn.com/niko/black/wp-admin/css/l10n.min40df.css]
[w5.foxdsgn.com/niko/black/wp-includes/js/dist/vendor/wp-polyfill.min89b1.js]
[w5.foxdsgn.com/niko/black/wp-includes/js/dist/vendor/wp-polyfill-fetch.min6e0e.js]
[w5.foxdsgn.com/niko/black/wp-includes/js/dist/vendor/wp-polyfill-node-contains.min2e00.js]
[w5.foxdsgn.com/niko/black/wp-includes/js/dist/vendor/wp-polyfill-dom-rect.min2e00.js]
[w5.foxdsgn.com/niko/black/wp-includes/js/dist/vendor/wp-polyfill-url.min5aed.js]
[w5.foxdsgn.com/niko/black/wp-includes/js/dist/vendor/wp-polyfill-formdata.mine9bd.js]
[w5.foxdsgn.com/niko/black/wp-includes/js/dist/vendor/wp-polyfill-element-closest.min4c56.js]
[w5.foxdsgn.com/niko/black/wp-includes/js/dist/i18n.min3a83.js]
[w5.foxdsgn.com/niko/black/wp-admin/js/password-strength-meter.min40df.js]
[w5.foxdsgn.com/niko/black/wp-includes/js/underscore.min4511.js]
[w5.foxdsgn.com/niko/black/wp-includes/js/wp-util.min40df.js]
[w5.foxdsgn.com/niko/black/wp-admin/js/user-profile.min40df.js]
[w5.foxdsgn.com/niko/black/wp-login9e3a.html]
[w5.foxdsgn.com/niko/black/wp-includes/fonts/dashicons7d4b.eot]
[w5.foxdsgn.com/niko/black/wp-includes/fonts/dashicons7d4b.ttf]
[w5.foxdsgn.com/niko/black/wp-includes/css/dashicons.min40df.css]
[w5.foxdsgn.com/niko/black/wp-includes/css/buttons.min40df.css]
[w5.foxdsgn.com/niko/black/wp-admin/images/loading.gif]
[w5.foxdsgn.com/niko/black/wp-admin/css/forms.min40df.css]
[w5.foxdsgn.com/niko/black/wp-admin/css/l10n.min40df.css]
[w5.foxdsgn.com/niko/black/wp-admin/css/login.min40df.html]
[w5.foxdsgn.com/niko/black/wp-includes/js/zxcvbn-async.min5152.html]
